
R version 4.3.1 (2023-06-16) -- "Beagle Scouts"
Copyright (C) 2023 The R Foundation for Statistical Computing
Platform: aarch64-apple-darwin20 (64-bit)

R is free software and comes with ABSOLUTELY NO WARRANTY.
You are welcome to redistribute it under certain conditions.
Type 'license()' or 'licence()' for distribution details.

  Natural language support but running in an English locale

R is a collaborative project with many contributors.
Type 'contributors()' for more information and
'citation()' on how to cite R or R packages in publications.

Type 'demo()' for some demos, 'help()' for on-line help, or
'help.start()' for an HTML browser interface to help.
Type 'q()' to quit R.

> pkgname <- "see"
> source(file.path(R.home("share"), "R", "examples-header.R"))
> options(warn = 1)
> library('see')
> 
> base::assign(".oldSearch", base::search(), pos = 'CheckExEnv')
> base::assign(".old_wd", base::getwd(), pos = 'CheckExEnv')
> cleanEx()
> nameEx("add_plot_attributes")
> ### * add_plot_attributes
> 
> flush(stderr()); flush(stdout())
> 
> ### Name: add_plot_attributes
> ### Title: Complete figure with its attributes
> ### Aliases: add_plot_attributes
> 
> ### ** Examples
> 
> ## Don't show: 
> if (require("rstanarm", quietly = TRUE)) (if (getRversion() >= "3.4") withAutoprint else force)({ # examplesIf
+ ## End(Don't show)
+ ## Don't show: 
+ }) # examplesIf
This is rstanarm version 2.26.1
- See https://mc-stan.org/rstanarm/articles/priors for changes to default priors!
- Default priors may change, so it's safest to specify priors, even if equivalent to the defaults.
- For execution on a local, multicore CPU with excess RAM we recommend calling
  options(mc.cores = parallel::detectCores())
> ## End(Don't show)
> 
> 
> 
> cleanEx()

detaching â€˜package:rstanarmâ€™, â€˜package:Rcppâ€™

> nameEx("bluebrown_colors")
> ### * bluebrown_colors
> 
> flush(stderr()); flush(stdout())
> 
> ### Name: bluebrown_colors
> ### Title: Extract blue-brown colors as hex codes
> ### Aliases: bluebrown_colors
> 
> ### ** Examples
> 
> bluebrown_colors()
 lightblue       blue   darkblue       grey lightbrown      brown  darkbrown 
 "#6DC0E0"  "#5B93AE"  "#1F4454"  "#dbdbdb"  "#92673C"  "#61381A"  "#391D07" 
> 
> bluebrown_colors("blue", "brown")
     blue     brown 
"#5B93AE" "#61381A" 
> 
> 
> 
> cleanEx()
> nameEx("coord_radar")
> ### * coord_radar
> 
> flush(stderr()); flush(stdout())
> 
> ### Name: coord_radar
> ### Title: Radar coordinate system
> ### Aliases: coord_radar
> 
> ### ** Examples
> 
> ## Don't show: 
> if (require("datawizard") && require("ggplot2")) (if (getRversion() >= "3.4") withAutoprint else force)({ # examplesIf
+ ## End(Don't show)
+ # Create a radar/spider chart with ggplot:
+ data(iris)
+ data <- aggregate(iris[-5], list(Species = iris$Species), mean)
+ data <- data_to_long(
+   data,
+   c("Sepal.Length", "Sepal.Width", "Petal.Length", "Petal.Width")
+ )
+ 
+ ggplot(data, aes(x = name, y = value, color = Species, group = Species)) +
+   geom_polygon(fill = NA, linewidth = 2) +
+   coord_radar(start = -pi / 4)
+ ## Don't show: 
+ }) # examplesIf
Loading required package: datawizard
Loading required package: ggplot2
> data(iris)
> data <- aggregate(iris[-5], list(Species = iris$Species), mean)
> data <- data_to_long(data, c("Sepal.Length", "Sepal.Width", "Petal.Length", 
+     "Petal.Width"))
> ggplot(data, aes(x = name, y = value, color = Species, group = Species)) + 
+     geom_polygon(fill = NA, linewidth = 2) + coord_radar(start = -pi/4)
> ## End(Don't show)
> 
> 
> 
> cleanEx()

detaching â€˜package:ggplot2â€™, â€˜package:datawizardâ€™

> nameEx("data_plot")
> ### * data_plot
> 
> flush(stderr()); flush(stdout())
> 
> ### Name: data_plot
> ### Title: Prepare objects for plotting or plot objects
> ### Aliases: data_plot data_plot.compare_performance
> 
> ### ** Examples
> 
> ## Don't show: 
> if (identical(Sys.getenv("NOT_CRAN"), "true") && require("rstanarm")) (if (getRversion() >= "3.4") withAutoprint else force)({ # examplesIf
+ ## End(Don't show)
+ library(bayestestR)
+ library(rstanarm)
+ 
+ model <<- suppressWarnings(stan_glm(
+   Sepal.Length ~ Petal.Width * Species,
+   data = iris,
+   chains = 2, iter = 200, refresh = 0
+ ))
+ 
+ x <- rope(model, verbose = FALSE)
+ plot(x)
+ 
+ x <- hdi(model)
+ plot(x) + theme_modern()
+ 
+ x <- p_direction(model, verbose = FALSE)
+ plot(x)
+ 
+ model <<- suppressWarnings(stan_glm(
+   mpg ~ wt + gear + cyl + disp,
+   chains = 2,
+   iter = 200,
+   refresh = 0,
+   data = mtcars
+ ))
+ x <- equivalence_test(model, verbose = FALSE)
+ plot(x)
+ ## Don't show: 
+ }) # examplesIf
> ## End(Don't show)
> 
> 
> 
> cleanEx()
> nameEx("flat_colors")
> ### * flat_colors
> 
> flush(stderr()); flush(stdout())
> 
> ### Name: flat_colors
> ### Title: Extract Flat UI colors as hex codes
> ### Aliases: flat_colors
> 
> ### ** Examples
> 
> flat_colors()
        red    dark red      purple deep purple        blue  light blue 
  "#e74c3c"   "#c0392b"   "#9b59b6"   "#8e44ad"   "#2980b9"   "#3498db" 
       cyan        teal       green light green      yellow       amber 
  "#1abc9c"   "#16a085"   "#27ae60"   "#2ecc71"   "#f1c40f"   "#f39c12" 
     orange deep orange        grey   blue grey 
  "#e67e22"   "#d35400"   "#95a5a6"   "#7f8c8d" 
> 
> flat_colors("dark red", "teal")
 dark red      teal 
"#c0392b" "#16a085" 
> 
> 
> 
> cleanEx()
> nameEx("geom_binomdensity")
> ### * geom_binomdensity
> 
> flush(stderr()); flush(stdout())
> 
> ### Name: geom_binomdensity
> ### Title: Add dot-densities for binary 'y' variables
> ### Aliases: geom_binomdensity
> 
> ### ** Examples
> 
> ## Don't show: 
> if (require("ggdist")) (if (getRversion() >= "3.4") withAutoprint else force)({ # examplesIf
+ ## End(Don't show)
+ library(ggplot2)
+ library(see)
+ 
+ data <- iris[1:100, ]
+ 
+ ggplot() +
+   geom_binomdensity(data,
+     x = "Sepal.Length",
+     y = "Species",
+     fill = "red",
+     color = NA
+   )
+ 
+ # Different scales
+ data[1:70, "Species"] <- "setosa" # Create unbalanced proportions
+ 
+ ggplot() +
+   geom_binomdensity(data, x = "Sepal.Length", y = "Species", scale = "auto")
+ ggplot() +
+   geom_binomdensity(data, x = "Sepal.Length", y = "Species", scale = "density")
+ ggplot() +
+   geom_binomdensity(data, x = "Sepal.Length", y = "Species", scale = "proportion")
+ ggplot() +
+   geom_binomdensity(data,
+     x = "Sepal.Length", y = "Species",
+     scale = list("setosa" = 0.4, "versicolor" = 0.6)
+   )
+ ## Don't show: 
+ }) # examplesIf
Loading required package: ggdist
> library(ggplot2)
> library(see)
> data <- iris[1:100, ]
> ggplot() + geom_binomdensity(data, x = "Sepal.Length", y = "Species", 
+     fill = "red", color = NA)
> data[1:70, "Species"] <- "setosa"
> ggplot() + geom_binomdensity(data, x = "Sepal.Length", y = "Species", 
+     scale = "auto")
> ggplot() + geom_binomdensity(data, x = "Sepal.Length", y = "Species", 
+     scale = "density")
> ggplot() + geom_binomdensity(data, x = "Sepal.Length", y = "Species", 
+     scale = "proportion")
> ggplot() + geom_binomdensity(data, x = "Sepal.Length", y = "Species", 
+     scale = list(setosa = 0.4, versicolor = 0.6))
> ## End(Don't show)
> 
> 
> 
> cleanEx()

detaching â€˜package:ggplot2â€™, â€˜package:ggdistâ€™

> nameEx("geom_from_list")
> ### * geom_from_list
> 
> flush(stderr()); flush(stdout())
> 
> ### Name: geom_from_list
> ### Title: Create ggplot2 geom(s) from a list
> ### Aliases: geom_from_list geoms_from_list
> 
> ### ** Examples
> 
> ## Don't show: 
> if (require("ggside") && require("ggplot2")) (if (getRversion() >= "3.4") withAutoprint else force)({ # examplesIf
+ ## End(Don't show)
+ library(ggplot2)
+ 
+ # Example 1 (basic geoms and labels) --------------------------
+ l1 <- list(
+   geom = "point",
+   data = mtcars,
+   aes = list(x = "mpg", y = "wt", size = "hp", color = "hp"),
+   show.legend = c("size" = FALSE)
+ )
+ l2 <- list(
+   geom = "labs",
+   title = "A Title"
+ )
+ 
+ ggplot() +
+   geom_from_list(l1) +
+   geom_from_list(l2)
+ 
+ ggplot() +
+   geoms_from_list(list(l1 = l1, l2 = l2))
+ 
+ # Example 2 (Violin, boxplots, ...) --------------------------
+ l1 <- list(
+   geom = "violin",
+   data = iris,
+   aes = list(x = "Species", y = "Sepal.Width")
+ )
+ l2 <- list(
+   geom = "boxplot",
+   data = iris,
+   aes = list(x = "Species", y = "Sepal.Width"),
+   outlier.shape = NA
+ )
+ l3 <- list(
+   geom = "jitter",
+   data = iris,
+   width = 0.1,
+   aes = list(x = "Species", y = "Sepal.Width")
+ )
+ 
+ ggplot() +
+   geom_from_list(l1) +
+   geom_from_list(l2) +
+   geom_from_list(l3)
+ 
+ # Example 3 (2D density) --------------------------
+ ggplot() +
+   geom_from_list(list(
+     geom = "density_2d", data = iris,
+     aes = list(x = "Sepal.Width", y = "Petal.Length")
+   ))
+ ggplot() +
+   geom_from_list(list(
+     geom = "density_2d_filled", data = iris,
+     aes = list(x = "Sepal.Width", y = "Petal.Length")
+   ))
+ ggplot() +
+   geom_from_list(list(
+     geom = "density_2d_polygon", data = iris,
+     aes = list(x = "Sepal.Width", y = "Petal.Length")
+   ))
+ ggplot() +
+   geom_from_list(list(
+     geom = "density_2d_raster", data = iris,
+     aes = list(x = "Sepal.Width", y = "Petal.Length")
+   )) +
+   scale_x_continuous(expand = c(0, 0)) +
+   scale_y_continuous(expand = c(0, 0))
+ 
+ # Example 4 (facet and coord flip) --------------------------
+ 
+ ggplot(iris, aes(x = Sepal.Length, y = Petal.Width)) +
+   geom_point() +
+   geom_from_list(list(geom = "hline", yintercept = 2)) +
+   geom_from_list(list(geom = "coord_flip")) +
+   geom_from_list(list(geom = "facet_wrap", facets = "~ Species", scales = "free"))
+ 
+ # Example 5 (theme and scales) --------------------------
+ ggplot(iris, aes(x = Sepal.Length, y = Petal.Width, color = Species)) +
+   geom_point() +
+   geom_from_list(list(geom = "scale_color_viridis_d", option = "inferno")) +
+   geom_from_list(list(geom = "theme", legend.position = "top"))
+ 
+ ggplot(iris, aes(x = Sepal.Length, y = Petal.Width, color = Species)) +
+   geom_point() +
+   geom_from_list(list(geom = "scale_color_material_d", palette = "rainbow")) +
+   geom_from_list(list(geom = "theme_void"))
+ 
+ # Example 5 (Smooths and side densities) --------------------------
+ 
+ ggplot(iris, aes(x = Sepal.Length, y = Petal.Width)) +
+   geom_from_list(list(geom = "point")) +
+   geom_from_list(list(geom = "smooth", color = "red")) +
+   geom_from_list(list(aes = list(x = "Sepal.Length"), geom = "ggside::geom_xsidedensity")) +
+   geom_from_list(list(geom = "ggside::scale_xsidey_continuous", breaks = NULL))
+ ## Don't show: 
+ }) # examplesIf
Loading required package: ggside
Loading required package: ggplot2
> library(ggplot2)
> l1 <- list(geom = "point", data = mtcars, aes = list(x = "mpg", y = "wt", 
+     size = "hp", color = "hp"), show.legend = c(size = FALSE))
> l2 <- list(geom = "labs", title = "A Title")
> ggplot() + geom_from_list(l1) + geom_from_list(l2)
> ggplot() + geoms_from_list(list(l1 = l1, l2 = l2))
> l1 <- list(geom = "violin", data = iris, aes = list(x = "Species", y = "Sepal.Width"))
> l2 <- list(geom = "boxplot", data = iris, aes = list(x = "Species", y = "Sepal.Width"), 
+     outlier.shape = NA)
> l3 <- list(geom = "jitter", data = iris, width = 0.1, aes = list(x = "Species", 
+     y = "Sepal.Width"))
> ggplot() + geom_from_list(l1) + geom_from_list(l2) + geom_from_list(l3)
> ggplot() + geom_from_list(list(geom = "density_2d", data = iris, aes = list(x = "Sepal.Width", 
+     y = "Petal.Length")))
> ggplot() + geom_from_list(list(geom = "density_2d_filled", data = iris, 
+     aes = list(x = "Sepal.Width", y = "Petal.Length")))
> ggplot() + geom_from_list(list(geom = "density_2d_polygon", data = iris, 
+     aes = list(x = "Sepal.Width", y = "Petal.Length")))
> ggplot() + geom_from_list(list(geom = "density_2d_raster", data = iris, 
+     aes = list(x = "Sepal.Width", y = "Petal.Length"))) + scale_x_continuous(expand = c(0, 
+     0)) + scale_y_continuous(expand = c(0, 0))
> ggplot(iris, aes(x = Sepal.Length, y = Petal.Width)) + geom_point() + 
+     geom_from_list(list(geom = "hline", yintercept = 2)) + geom_from_list(list(geom = "coord_flip")) + 
+     geom_from_list(list(geom = "facet_wrap", facets = "~ Species", scales = "free"))
> ggplot(iris, aes(x = Sepal.Length, y = Petal.Width, color = Species)) + 
+     geom_point() + geom_from_list(list(geom = "scale_color_viridis_d", option = "inferno")) + 
+     geom_from_list(list(geom = "theme", legend.position = "top"))
> ggplot(iris, aes(x = Sepal.Length, y = Petal.Width, color = Species)) + 
+     geom_point() + geom_from_list(list(geom = "scale_color_material_d", palette = "rainbow")) + 
+     geom_from_list(list(geom = "theme_void"))
> ggplot(iris, aes(x = Sepal.Length, y = Petal.Width)) + geom_from_list(list(geom = "point")) + 
+     geom_from_list(list(geom = "smooth", color = "red")) + geom_from_list(list(aes = list(x = "Sepal.Length"), 
+     geom = "ggside::geom_xsidedensity")) + geom_from_list(list(geom = "ggside::scale_xsidey_continuous", 
+     breaks = NULL))
> ## End(Don't show)
> 
> 
> 
> cleanEx()

detaching â€˜package:ggsideâ€™, â€˜package:ggplot2â€™

> nameEx("geom_point2")
> ### * geom_point2
> 
> flush(stderr()); flush(stdout())
> 
> ### Name: geom_point2
> ### Title: Better looking points
> ### Aliases: geom_point2 geom_jitter2 geom_pointrange2 geom_count2
> ###   geom_count_borderless geom_point_borderless geom_jitter_borderless
> ###   geom_pointrange_borderless
> 
> ### ** Examples
> 
> ## Don't show: 
> if (requireNamespace("patchwork", quietly = TRUE)) (if (getRversion() >= "3.4") withAutoprint else force)({ # examplesIf
+ ## End(Don't show)
+ library(ggplot2)
+ library(see)
+ 
+ normal <- ggplot(iris, aes(x = Petal.Width, y = Sepal.Length)) +
+   geom_point(size = 8, alpha = 0.3) +
+   theme_modern()
+ 
+ new <- ggplot(iris, aes(x = Petal.Width, y = Sepal.Length)) +
+   geom_point2(size = 8, alpha = 0.3) +
+   theme_modern()
+ 
+ plots(normal, new, n_columns = 2)
+ 
+ ggplot(iris, aes(x = Petal.Width, y = Sepal.Length, fill = Species)) +
+   geom_point_borderless(size = 4) +
+   theme_modern()
+ 
+ theme_set(theme_abyss())
+ ggplot(iris, aes(x = Petal.Width, y = Sepal.Length, fill = Species)) +
+   geom_point_borderless(size = 4)
+ ## Don't show: 
+ }) # examplesIf
> library(ggplot2)
> library(see)
> normal <- ggplot(iris, aes(x = Petal.Width, y = Sepal.Length)) + geom_point(size = 8, 
+     alpha = 0.3) + theme_modern()
> new <- ggplot(iris, aes(x = Petal.Width, y = Sepal.Length)) + geom_point2(size = 8, 
+     alpha = 0.3) + theme_modern()
> plots(normal, new, n_columns = 2)
> ggplot(iris, aes(x = Petal.Width, y = Sepal.Length, fill = Species)) + 
+     geom_point_borderless(size = 4) + theme_modern()
> theme_set(theme_abyss())
> ggplot(iris, aes(x = Petal.Width, y = Sepal.Length, fill = Species)) + 
+     geom_point_borderless(size = 4)
> ## End(Don't show)
> 
> 
> 
> cleanEx()

detaching â€˜package:ggplot2â€™

> nameEx("geom_poolpoint")
> ### * geom_poolpoint
> 
> flush(stderr()); flush(stdout())
> 
> ### Name: geom_poolpoint
> ### Title: Pool ball points
> ### Aliases: geom_poolpoint geom_pooljitter
> 
> ### ** Examples
> 
> library(ggplot2)
> library(see)
> 
> ggplot(iris, aes(x = Petal.Width, y = Sepal.Length, color = Species)) +
+   geom_poolpoint(label = rownames(iris)) +
+   scale_color_flat_d() +
+   theme_modern()
> 
> 
> ggplot(iris, aes(x = Petal.Width, y = Sepal.Length, color = Species)) +
+   geom_pooljitter(label = rownames(iris)) +
+   scale_color_flat_d() +
+   theme_modern()
> 
> 
> 
> cleanEx()

detaching â€˜package:ggplot2â€™

> nameEx("geom_violindot")
> ### * geom_violindot
> 
> flush(stderr()); flush(stdout())
> 
> ### Name: geom_violindot
> ### Title: Half-violin Half-dot plot
> ### Aliases: geom_violindot
> 
> ### ** Examples
> 
> library(ggplot2)
> library(see)
> 
> ggplot(iris, aes(x = Species, y = Sepal.Length, fill = Species)) +
+   geom_violindot() +
+   theme_modern()
> 
> 
> 
> 
> cleanEx()

detaching â€˜package:ggplot2â€™

> nameEx("geom_violinhalf")
> ### * geom_violinhalf
> 
> flush(stderr()); flush(stdout())
> 
> ### Name: geom_violinhalf
> ### Title: Half-violin plot
> ### Aliases: geom_violinhalf
> 
> ### ** Examples
> 
> library(ggplot2)
> library(see)
> 
> ggplot(iris, aes(x = Species, y = Sepal.Length, fill = Species)) +
+   geom_violinhalf() +
+   theme_modern() +
+   scale_fill_material_d()
> 
> # To flip all half-violin geoms, use `flip = TRUE`:
> ggplot(iris, aes(x = Species, y = Sepal.Length, fill = Species)) +
+   geom_violinhalf(flip = TRUE) +
+   theme_modern() +
+   scale_fill_material_d()
> 
> # To flip the half-violin geoms for the first and third groups only
> # by passing a numeric vector
> ggplot(iris, aes(x = Species, y = Sepal.Length, fill = Species)) +
+   geom_violinhalf(flip = c(1, 3)) +
+   theme_modern() +
+   scale_fill_material_d()
> 
> 
> 
> 
> cleanEx()

detaching â€˜package:ggplot2â€™

> nameEx("golden_ratio")
> ### * golden_ratio
> 
> flush(stderr()); flush(stdout())
> 
> ### Name: golden_ratio
> ### Title: Golden Ratio
> ### Aliases: golden_ratio
> 
> ### ** Examples
> 
> golden_ratio()
[1] 1.618034
> golden_ratio(10)
[1] 16.18034
> 
> 
> 
> cleanEx()
> nameEx("material_colors")
> ### * material_colors
> 
> flush(stderr()); flush(stdout())
> 
> ### Name: material_colors
> ### Title: Extract material design colors as hex codes
> ### Aliases: material_colors
> 
> ### ** Examples
> 
> material_colors()
        red        pink      purple deep purple      indigo        blue 
  "#f44336"   "#E91E63"   "#9C27B0"   "#673AB7"   "#3F51B5"   "#2196F3" 
 light blue        cyan        teal       green light green        lime 
  "#03A9F4"   "#00BCD4"   "#009688"   "#4CAF50"   "#8BC34A"   "#CDDC39" 
     yellow       amber      orange deep orange       brown        grey 
  "#FFEB3B"   "#FFC107"   "#FF9800"   "#FF5722"   "#795548"   "#9E9E9E" 
  blue grey 
  "#607D8B" 
> 
> material_colors("indigo", "lime")
   indigo      lime 
"#3F51B5" "#CDDC39" 
> 
> 
> 
> cleanEx()
> nameEx("metro_colors")
> ### * metro_colors
> 
> flush(stderr()); flush(stdout())
> 
> ### Name: metro_colors
> ### Title: Extract Metro colors as hex codes
> ### Aliases: metro_colors
> 
> ### ** Examples
> 
> metro_colors()
        red    dark red      purple deep purple        blue  light blue 
  "#e51400"   "#a20025"   "#aa00ff"   "#76608a"   "#0050ef"   "#1ba1e2" 
       teal       green light green      yellow       amber      orange 
  "#00aba9"   "#008a00"   "#60a917"   "#e3c800"   "#f0a30a"   "#fa6800" 
deep orange   blue grey 
  "#a0522d"   "#647687" 
> 
> metro_colors("dark red", "teal")
 dark red      teal 
"#a20025" "#00aba9" 
> 
> 
> 
> cleanEx()
> nameEx("okabeito_colors")
> ### * okabeito_colors
> 
> flush(stderr()); flush(stdout())
> 
> ### Name: okabeito_colors
> ### Title: Extract Okabe-Ito colors as hex codes
> ### Aliases: okabeito_colors oi_colors
> 
> ### ** Examples
> 
> okabeito_colors()
    orange light blue      green      amber       blue        red     purple 
 "#E69F00"  "#56B4E9"  "#009E73"  "#F5C710"  "#0072B2"  "#D55E00"  "#CC79A7" 
      grey      black 
 "#999999"  "#000000" 
> 
> okabeito_colors(c("red", "light blue", "orange"))
       red light blue     orange 
 "#D55E00"  "#56B4E9"  "#E69F00" 
> 
> okabeito_colors(original_names = TRUE)
        orange       sky blue   bluish green          amber           blue 
     "#E69F00"      "#56B4E9"      "#009E73"      "#F5C710"      "#0072B2" 
    vermillion reddish purple           grey          black 
     "#D55E00"      "#CC79A7"      "#999999"      "#000000" 
> 
> okabeito_colors(black_first = TRUE)
     black     orange light blue      green      amber       blue        red 
 "#000000"  "#E69F00"  "#56B4E9"  "#009E73"  "#F5C710"  "#0072B2"  "#D55E00" 
    purple       grey 
 "#CC79A7"  "#999999" 
> 
> 
> 
> cleanEx()
> nameEx("plot.see_bayesfactor_models")
> ### * plot.see_bayesfactor_models
> 
> flush(stderr()); flush(stdout())
> 
> ### Name: plot.see_bayesfactor_models
> ### Title: Plot method for Bayes Factors for model comparison
> ### Aliases: plot.see_bayesfactor_models
> 
> ### ** Examples
> 
> library(bayestestR)
> library(see)
> 
> lm0 <- lm(qsec ~ 1, data = mtcars)
> lm1 <- lm(qsec ~ drat, data = mtcars)
> lm2 <- lm(qsec ~ wt, data = mtcars)
> lm3 <- lm(qsec ~ drat + wt, data = mtcars)
> 
> result <- bayesfactor_models(lm1, lm2, lm3, denominator = lm0)
> 
> plot(result, n_pies = "one", value = "probability", sort = TRUE) +
+   scale_fill_pizza(reverse = TRUE)
> 
> plot(result, n_pies = "many", value = "BF", log = TRUE) +
+   scale_fill_pizza(reverse = FALSE)
> 
> 
> 
> cleanEx()

detaching â€˜package:bayestestRâ€™

> nameEx("plot.see_check_collinearity")
> ### * plot.see_check_collinearity
> 
> flush(stderr()); flush(stdout())
> 
> ### Name: plot.see_check_collinearity
> ### Title: Plot method for multicollinearity checks
> ### Aliases: plot.see_check_collinearity
> 
> ### ** Examples
> 
> library(performance)
> m <- lm(mpg ~ wt + cyl + gear + disp, data = mtcars)
> result <- check_collinearity(m)
> result
[34m# Check for Multicollinearity
[39m
[32mLow Correlation

[39m Term  VIF    VIF 95% CI Increased SE Tolerance Tolerance 95% CI
 gear 1.53 [1.19,  2.51]         1.24      0.65     [0.40, 0.84]

[33mModerate Correlation

[39m Term  VIF    VIF 95% CI Increased SE Tolerance Tolerance 95% CI
   wt 5.05 [3.21,  8.41]         2.25      0.20     [0.12, 0.31]
  cyl 5.41 [3.42,  9.04]         2.33      0.18     [0.11, 0.29]
 disp 9.97 [6.08, 16.85]         3.16      0.10     [0.06, 0.16]
> plot(result)
Variable `Component` is not in your data frame :/
> 
> 
> 
> 
> cleanEx()

detaching â€˜package:performanceâ€™

> nameEx("plot.see_check_distribution")
> ### * plot.see_check_distribution
> 
> flush(stderr()); flush(stdout())
> 
> ### Name: plot.see_check_distribution
> ### Title: Plot method for classifying the distribution of a model-family
> ### Aliases: plot.see_check_distribution
> 
> ### ** Examples
> 
> ## Don't show: 
> if (identical(Sys.getenv("NOT_CRAN"), "true") && require("randomForest")) (if (getRversion() >= "3.4") withAutoprint else force)({ # examplesIf
+ ## End(Don't show)
+ library(performance)
+ m <<- lm(mpg ~ wt + cyl + gear + disp, data = mtcars)
+ result <- check_distribution(m)
+ result
+ plot(result)
+ ## Don't show: 
+ }) # examplesIf
> ## End(Don't show)
> 
> 
> 
> cleanEx()
> nameEx("plot.see_check_heteroscedasticity")
> ### * plot.see_check_heteroscedasticity
> 
> flush(stderr()); flush(stdout())
> 
> ### Name: plot.see_check_heteroscedasticity
> ### Title: Plot method for (non-)constant error variance checks
> ### Aliases: plot.see_check_heteroscedasticity
> 
> ### ** Examples
> 
> ## Don't show: 
> if (require("performance")) (if (getRversion() >= "3.4") withAutoprint else force)({ # examplesIf
+ ## End(Don't show)
+ m <- lm(mpg ~ wt + cyl + gear + disp, data = mtcars)
+ result <- check_heteroscedasticity(m)
+ result
+ plot(result, data = m) # data required for pkgdown
+ ## Don't show: 
+ }) # examplesIf
Loading required package: performance
> m <- lm(mpg ~ wt + cyl + gear + disp, data = mtcars)
> result <- check_heteroscedasticity(m)
> result
[31mWarning: Heteroscedasticity (non-constant error variance) detected (p = 0.042).
[39m> plot(result, data = m)
> ## End(Don't show)
> 
> 
> 
> cleanEx()

detaching â€˜package:performanceâ€™

> nameEx("plot.see_check_homogeneity")
> ### * plot.see_check_homogeneity
> 
> flush(stderr()); flush(stdout())
> 
> ### Name: plot.see_check_homogeneity
> ### Title: Plot method for homogeneity of variances checks
> ### Aliases: plot.see_check_homogeneity
> 
> ### ** Examples
> 
> ## Don't show: 
> if (require("performance")) (if (getRversion() >= "3.4") withAutoprint else force)({ # examplesIf
+ ## End(Don't show)
+ model <<- lm(len ~ supp + dose, data = ToothGrowth)
+ result <- check_homogeneity(model)
+ result
+ plot(result)
+ ## Don't show: 
+ }) # examplesIf
Loading required package: performance
> model <<- lm(len ~ supp + dose, data = ToothGrowth)
> result <- check_homogeneity(model)
> result
[32mOK: There is not clear evidence for different variances across groups (Bartlett Test, p = 0.226).
[39m> plot(result)
> ## End(Don't show)
> 
> 
> 
> cleanEx()

detaching â€˜package:performanceâ€™

> nameEx("plot.see_check_model")
> ### * plot.see_check_model
> 
> flush(stderr()); flush(stdout())
> 
> ### Name: plot.see_check_model
> ### Title: Plot method for checking model assumptions
> ### Aliases: plot.see_check_model
> 
> ### ** Examples
> 
> ## Don't show: 
> if (require("performance") && require("patchwork")) (if (getRversion() >= "3.4") withAutoprint else force)({ # examplesIf
+ ## End(Don't show)
+ model <- lm(qsec ~ drat + wt, data = mtcars)
+ plot(check_model(model))
+ ## Don't show: 
+ }) # examplesIf
Loading required package: performance
Loading required package: patchwork
> model <- lm(qsec ~ drat + wt, data = mtcars)
> plot(check_model(model))
> ## End(Don't show)
> 
> 
> 
> cleanEx()

detaching â€˜package:patchworkâ€™, â€˜package:performanceâ€™

> nameEx("plot.see_check_normality")
> ### * plot.see_check_normality
> 
> flush(stderr()); flush(stdout())
> 
> ### Name: plot.see_check_normality
> ### Title: Plot method for check model for (non-)normality of residuals
> ### Aliases: plot.see_check_normality
> 
> ### ** Examples
> 
> ## Don't show: 
> if (require("performance")) (if (getRversion() >= "3.4") withAutoprint else force)({ # examplesIf
+ ## End(Don't show)
+ m <<- lm(mpg ~ wt + cyl + gear + disp, data = mtcars)
+ result <- check_normality(m)
+ plot(result)
+ ## Don't show: 
+ }) # examplesIf
Loading required package: performance
> m <<- lm(mpg ~ wt + cyl + gear + disp, data = mtcars)
> result <- check_normality(m)
> plot(result)
> ## End(Don't show)
> ## Don't show: 
> if (require("performance") && require("qqplotr")) (if (getRversion() >= "3.4") withAutoprint else force)({ # examplesIf
+ ## End(Don't show)
+ plot(result, type = "qq", detrend = TRUE)
+ ## Don't show: 
+ }) # examplesIf
Loading required package: qqplotr
Loading required package: ggplot2

Attaching package: â€˜qqplotrâ€™

The following objects are masked from â€˜package:ggplot2â€™:

    StatQqLine, stat_qq_line

> plot(result, type = "qq", detrend = TRUE)
> ## End(Don't show)
> 
> 
> 
> cleanEx()

detaching â€˜package:qqplotrâ€™, â€˜package:ggplot2â€™, â€˜package:performanceâ€™

> nameEx("plot.see_check_outliers")
> ### * plot.see_check_outliers
> 
> flush(stderr()); flush(stdout())
> 
> ### Name: plot.see_check_outliers
> ### Title: Plot method for checking outliers
> ### Aliases: plot.see_check_outliers
> 
> ### ** Examples
> 
> library(performance)
> data(mtcars)
> mt1 <- mtcars[, c(1, 3, 4)]
> mt2 <- rbind(
+   mt1,
+   data.frame(mpg = c(37, 40), disp = c(300, 400), hp = c(110, 120))
+ )
> model <- lm(disp ~ mpg + hp, data = mt2)
> plot(check_outliers(model))
> 
> 
> 
> cleanEx()

detaching â€˜package:performanceâ€™

> nameEx("plot.see_compare_parameters")
> ### * plot.see_compare_parameters
> 
> flush(stderr()); flush(stdout())
> 
> ### Name: plot.see_compare_parameters
> ### Title: Plot method for comparison of model parameters
> ### Aliases: plot.see_compare_parameters
> 
> ### ** Examples
> 
> ## Don't show: 
> if (require("insight") && require("parameters")) (if (getRversion() >= "3.4") withAutoprint else force)({ # examplesIf
+ ## End(Don't show)
+ data(iris)
+ lm1 <- lm(Sepal.Length ~ Species, data = iris)
+ lm2 <- lm(Sepal.Length ~ Species + Petal.Length, data = iris)
+ lm3 <- lm(Sepal.Length ~ Species * Petal.Length, data = iris)
+ result <- compare_parameters(lm1, lm2, lm3)
+ plot(result)
+ ## Don't show: 
+ }) # examplesIf
Loading required package: insight
Loading required package: parameters
> data(iris)
> lm1 <- lm(Sepal.Length ~ Species, data = iris)
> lm2 <- lm(Sepal.Length ~ Species + Petal.Length, data = iris)
> lm3 <- lm(Sepal.Length ~ Species * Petal.Length, data = iris)
> result <- compare_parameters(lm1, lm2, lm3)
> plot(result)
> ## End(Don't show)
> 
> 
> 
> cleanEx()

detaching â€˜package:parametersâ€™, â€˜package:insightâ€™

> nameEx("plot.see_compare_performance")
> ### * plot.see_compare_performance
> 
> flush(stderr()); flush(stdout())
> 
> ### Name: plot.see_compare_performance
> ### Title: Plot method for comparing model performances
> ### Aliases: plot.see_compare_performance
> 
> ### ** Examples
> 
> library(performance)
> data(iris)
> lm1 <- lm(Sepal.Length ~ Species, data = iris)
> lm2 <- lm(Sepal.Length ~ Species + Petal.Length, data = iris)
> lm3 <- lm(Sepal.Length ~ Species * Petal.Length, data = iris)
> result <- compare_performance(lm1, lm2, lm3)
> result
[34m# Comparison of Model Performance Indices[39m

Name | Model | AIC (weights) | AICc (weights) | BIC (weights) |    R2 | R2 (adj.) |  RMSE | Sigma
-------------------------------------------------------------------------------------------------
lm1  |    lm | 231.5 (<.001) |  231.7 (<.001) | 243.5 (<.001) | 0.619 |     0.614 | 0.510 | 0.515
lm2  |    lm | 106.2 (0.566) |  106.6 (0.611) | 121.3 (0.964) | 0.837 |     0.833 | 0.333 | 0.338
lm3  |    lm | 106.8 (0.434) |  107.6 (0.389) | 127.8 (0.036) | 0.840 |     0.835 | 0.330 | 0.336
> plot(result)
> 
> 
> 
> 
> cleanEx()

detaching â€˜package:performanceâ€™

> nameEx("plot.see_effectsize_table")
> ### * plot.see_effectsize_table
> 
> flush(stderr()); flush(stdout())
> 
> ### Name: plot.see_effectsize_table
> ### Title: Plot method for effect size tables
> ### Aliases: plot.see_effectsize_table
> 
> ### ** Examples
> 
> library(effectsize)
> m <- aov(mpg ~ factor(am) * factor(cyl), data = mtcars)
> result <- eta_squared(m)
> plot(result)
> 
> 
> 
> cleanEx()

detaching â€˜package:effectsizeâ€™

> nameEx("plot.see_equivalence_test")
> ### * plot.see_equivalence_test
> 
> flush(stderr()); flush(stdout())
> 
> ### Name: plot.see_equivalence_test_effectsize
> ### Title: Plot method for (conditional) equivalence testing
> ### Aliases: plot.see_equivalence_test_effectsize plot.see_equivalence_test
> ###   plot.see_equivalence_test_lm
> 
> ### ** Examples
> 
> library(effectsize)
> m <- aov(mpg ~ factor(am) * factor(cyl), data = mtcars)
> result <- eta_squared(m)
> plot(result)
> 
> 
> 
> cleanEx()

detaching â€˜package:effectsizeâ€™

> nameEx("plot.see_estimate_contrasts")
> ### * plot.see_estimate_contrasts
> 
> flush(stderr()); flush(stdout())
> 
> ### Name: plot.see_estimate_contrasts
> ### Title: Plot method for estimating contrasts
> ### Aliases: plot.see_estimate_contrasts
> 
> ### ** Examples
> 
> ## Don't show: 
> if (require("modelbased") && require("emmeans")) (if (getRversion() >= "3.4") withAutoprint else force)({ # examplesIf
+ ## End(Don't show)
+ ## Don't show: 
+ }) # examplesIf
Loading required package: modelbased
Loading required package: emmeans
> ## End(Don't show)
> 
> 
> 
> cleanEx()

detaching â€˜package:emmeansâ€™, â€˜package:modelbasedâ€™

> nameEx("plot.see_estimate_density")
> ### * plot.see_estimate_density
> 
> flush(stderr()); flush(stdout())
> 
> ### Name: plot.see_estimate_density
> ### Title: Plot method for density estimation of posterior samples
> ### Aliases: plot.see_estimate_density
> 
> ### ** Examples
> 
> ## Don't show: 
> if (identical(Sys.getenv("NOT_CRAN"), "true") && require("rstanarm")) (if (getRversion() >= "3.4") withAutoprint else force)({ # examplesIf
+ ## End(Don't show)
+ library(rstanarm)
+ library(bayestestR)
+ set.seed(123)
+ m <<- suppressWarnings(stan_glm(Sepal.Length ~ Petal.Width * Species, data = iris, refresh = 0))
+ result <- estimate_density(m)
+ plot(result)
+ ## Don't show: 
+ }) # examplesIf
> ## End(Don't show)
> 
> 
> 
> cleanEx()
> nameEx("plot.see_hdi")
> ### * plot.see_hdi
> 
> flush(stderr()); flush(stdout())
> 
> ### Name: plot.see_hdi
> ### Title: Plot method for uncertainty or credible intervals
> ### Aliases: plot.see_hdi
> 
> ### ** Examples
> 
> ## Don't show: 
> if (identical(Sys.getenv("NOT_CRAN"), "true") && require("rstanarm")) (if (getRversion() >= "3.4") withAutoprint else force)({ # examplesIf
+ ## End(Don't show)
+ library(rstanarm)
+ library(bayestestR)
+ set.seed(123)
+ m <- suppressWarnings(stan_glm(Sepal.Length ~ Petal.Width * Species, data = iris, refresh = 0))
+ result <- bayestestR::hdi(m)
+ result
+ plot(result)
+ ## Don't show: 
+ }) # examplesIf
> ## End(Don't show)
> 
> 
> 
> cleanEx()
> nameEx("plot.see_n_factors")
> ### * plot.see_n_factors
> 
> flush(stderr()); flush(stdout())
> 
> ### Name: plot.see_n_factors
> ### Title: Plot method for numbers of clusters to extract or factors to
> ###   retain
> ### Aliases: plot.see_n_factors
> 
> ### ** Examples
> 
> ## Don't show: 
> if (require("parameters") && require("nFactors")) (if (getRversion() >= "3.4") withAutoprint else force)({ # examplesIf
+ ## End(Don't show)
+ data(mtcars)
+ result <- n_factors(mtcars, type = "PCA")
+ result
+ plot(result, type = "line")
+ ## Don't show: 
+ }) # examplesIf
Loading required package: parameters
Loading required package: nFactors
Loading required package: lattice

Attaching package: â€˜nFactorsâ€™

The following object is masked from â€˜package:latticeâ€™:

    parallel

> data(mtcars)
> result <- n_factors(mtcars, type = "PCA")
> result
[34m# Method Agreement Procedure:

[39mThe choice of 3 dimensions is supported by 5 (29.41%) methods out of 17 (Bartlett, CNG, Scree (SE), Scree (R2), Velicer's MAP).
> plot(result, type = "line")
> ## End(Don't show)
> 
> 
> 
> cleanEx()

detaching â€˜package:nFactorsâ€™, â€˜package:latticeâ€™, â€˜package:parametersâ€™

> nameEx("plot.see_p_direction")
> ### * plot.see_p_direction
> 
> flush(stderr()); flush(stdout())
> 
> ### Name: plot.see_p_direction
> ### Title: Plot method for probability of direction
> ### Aliases: plot.see_p_direction
> 
> ### ** Examples
> 
> ## Don't show: 
> if (identical(Sys.getenv("NOT_CRAN"), "true") && require("rstanarm")) (if (getRversion() >= "3.4") withAutoprint else force)({ # examplesIf
+ ## End(Don't show)
+ library(rstanarm)
+ library(bayestestR)
+ set.seed(123)
+ m <<- suppressWarnings(stan_glm(Sepal.Length ~ Petal.Width * Species, data = iris, refresh = 0))
+ result <- p_direction(m)
+ plot(result)
+ ## Don't show: 
+ }) # examplesIf
> ## End(Don't show)
> 
> 
> 
> cleanEx()
> nameEx("plot.see_p_function")
> ### * plot.see_p_function
> 
> flush(stderr()); flush(stdout())
> 
> ### Name: plot.see_p_function
> ### Title: Plot method for plotting p-functions (aka consonance functions)
> ### Aliases: plot.see_p_function
> 
> ### ** Examples
> 
> library(parameters)
> model <- lm(Sepal.Length ~ Species + Sepal.Width + Petal.Length, data = iris)
> result <- p_function(model)
> plot(result, n_columns = 2, show_labels = FALSE)
> 
> result <- p_function(model, keep = "Sepal.Width")
> plot(result)
> 
> 
> 
> cleanEx()

detaching â€˜package:parametersâ€™

> nameEx("plot.see_p_significance")
> ### * plot.see_p_significance
> 
> flush(stderr()); flush(stdout())
> 
> ### Name: plot.see_p_significance
> ### Title: Plot method for practical significance
> ### Aliases: plot.see_p_significance
> 
> ### ** Examples
> 
> ## Don't show: 
> if (identical(Sys.getenv("NOT_CRAN"), "true") && require("rstanarm")) (if (getRversion() >= "3.4") withAutoprint else force)({ # examplesIf
+ ## End(Don't show)
+ library(rstanarm)
+ library(bayestestR)
+ set.seed(123)
+ m <<- suppressWarnings(stan_glm(Sepal.Length ~ Petal.Width * Species, data = iris, refresh = 0))
+ result <- p_significance(m)
+ plot(result)
+ ## Don't show: 
+ }) # examplesIf
> ## End(Don't show)
> 
> 
> 
> cleanEx()
> nameEx("plot.see_parameters_brms_meta")
> ### * plot.see_parameters_brms_meta
> 
> flush(stderr()); flush(stdout())
> 
> ### Name: plot.see_parameters_brms_meta
> ### Title: Plot method for Model Parameters from Bayesian Meta-Analysis
> ### Aliases: plot.see_parameters_brms_meta
> 
> ### ** Examples
> 
> ## Don't show: 
> if (require("brms") && require("metafor") && require("RcppEigen")) (if (getRversion() >= "3.4") withAutoprint else force)({ # examplesIf
+ ## End(Don't show)
+ ## Don't show: 
+ }) # examplesIf
Loading required package: brms
Loading required package: Rcpp
Loading 'brms' package (version 2.20.4). Useful instructions
can be found by typing help('brms'). A more detailed introduction
to the package is available through vignette('brms_overview').

Attaching package: â€˜brmsâ€™

The following object is masked from â€˜package:statsâ€™:

    ar

Loading required package: metafor
Loading required package: Matrix
Loading required package: metadat
Loading required package: numDeriv

Loading the 'metafor' package (version 4.4-0). For an
introduction to the package please type: help(metafor)

Loading required package: RcppEigen
> ## End(Don't show)
> 
> 
> 
> cleanEx()

detaching â€˜package:RcppEigenâ€™, â€˜package:metaforâ€™, â€˜package:numDerivâ€™,
  â€˜package:metadatâ€™, â€˜package:Matrixâ€™, â€˜package:brmsâ€™, â€˜package:Rcppâ€™

> nameEx("plot.see_parameters_distribution")
> ### * plot.see_parameters_distribution
> 
> flush(stderr()); flush(stdout())
> 
> ### Name: plot.see_parameters_distribution
> ### Title: Plot method for describing distributions of vectors
> ### Aliases: plot.see_parameters_distribution
> 
> ### ** Examples
> 
> library(parameters)
> set.seed(333)
> x <- sample(1:100, 1000, replace = TRUE)
> result <- describe_distribution(x)
> result
 Mean |    SD |   IQR |          Range | Skewness | Kurtosis |    n | n_Missing
-------------------------------------------------------------------------------
50.18 | 28.66 | 48.75 | [1.00, 100.00] |     0.02 |    -1.16 | 1000 |         0
> plot(result)
> 
> 
> 
> cleanEx()

detaching â€˜package:parametersâ€™

> nameEx("plot.see_parameters_model")
> ### * plot.see_parameters_model
> 
> flush(stderr()); flush(stdout())
> 
> ### Name: plot.see_parameters_model
> ### Title: Plot method for model parameters
> ### Aliases: plot.see_parameters_model plot.see_parameters_sem
> 
> ### ** Examples
> 
> library(parameters)
> m <- lm(mpg ~ wt + cyl + gear + disp, data = mtcars)
> result <- model_parameters(m)
> result
Parameter   | Coefficient |   SE |         95% CI | t(27) |      p
------------------------------------------------------------------
(Intercept) |       43.54 | 4.86 | [33.57, 53.51] |  8.96 | < .001
wt          |       -3.79 | 1.08 | [-6.01, -1.57] | -3.51 | 0.002 
cyl         |       -1.78 | 0.61 | [-3.04, -0.52] | -2.91 | 0.007 
gear        |       -0.49 | 0.79 | [-2.11,  1.13] | -0.62 | 0.540 
disp        |    6.94e-03 | 0.01 | [-0.02,  0.03] |  0.58 | 0.568 

Uncertainty intervals (equal-tailed) and p-values (two-tailed) computed
  using a Wald t-distribution approximation.
> plot(result)
> 
> 
> 
> cleanEx()

detaching â€˜package:parametersâ€™

> nameEx("plot.see_parameters_pca")
> ### * plot.see_parameters_pca
> 
> flush(stderr()); flush(stdout())
> 
> ### Name: plot.see_parameters_pca
> ### Title: Plot method for principal component analysis
> ### Aliases: plot.see_parameters_pca
> 
> ### ** Examples
> 
> library(parameters)
> data(mtcars)
> result <- principal_components(mtcars[, 1:7], n = "all", threshold = 0.2)
> result
[34m# Loadings from Principal Component Analysis (no rotation)[39m

Variable |  PC1  |  PC2  | PC3  |  PC4  | PC5  |  PC6  | Complexity
-------------------------------------------------------------------
mpg      | -0.93 |       |      | -0.30 |      |       |    1.30   
cyl      | 0.96  |       |      |       |      | -0.21 |    1.18   
disp     | 0.95  |       |      | -0.23 |      |       |    1.16   
hp       | 0.87  | 0.36  |      |       | 0.30 |       |    1.64   
drat     | -0.75 | 0.48  | 0.44 |       |      |       |    2.47   
wt       | 0.88  | -0.35 | 0.26 |       |      |       |    1.54   
qsec     | -0.54 | -0.81 |      |       |      |       |    1.96   
[33m
The 6 principal components accounted for 99.30% of the total variance of the original data (PC1 = 72.66%, PC2 = 16.52%, PC3 = 4.93%, PC4 = 2.26%, PC5 = 1.85%, PC6 = 1.08%).
[39m> plot(result)
> 
> 
> 
> 
> cleanEx()

detaching â€˜package:parametersâ€™

> nameEx("plot.see_parameters_simulate")
> ### * plot.see_parameters_simulate
> 
> flush(stderr()); flush(stdout())
> 
> ### Name: plot.see_parameters_simulate
> ### Title: Plot method for simulated model parameters
> ### Aliases: plot.see_parameters_simulate
> 
> ### ** Examples
> 
> library(parameters)
> m <<- lm(mpg ~ wt + cyl + gear, data = mtcars)
> result <- simulate_parameters(m)
> result
[34m# Fixed Effects[39m

Parameter   | Coefficient |         95% CI |      p
---------------------------------------------------
(Intercept) |       42.25 | [32.98, 51.24] | < .001
wt          |       -3.42 | [-5.12, -1.72] | < .001
cyl         |       -1.51 | [-2.34, -0.71] | < .001
gear        |       -0.54 | [-2.07,  1.19] | 0.538 

Uncertainty intervals (equal-tailed) and p-values (two-tailed) computed
  using a simulated multivariate normal distribution approximation.
> plot(result)
> 
> 
> 
> cleanEx()

detaching â€˜package:parametersâ€™

> nameEx("plot.see_performance_roc")
> ### * plot.see_performance_roc
> 
> flush(stderr()); flush(stdout())
> 
> ### Name: plot.see_performance_roc
> ### Title: Plot method for ROC curves
> ### Aliases: plot.see_performance_roc
> 
> ### ** Examples
> 
> library(performance)
> data(iris)
> set.seed(123)
> iris$y <- rbinom(nrow(iris), size = 1, .3)
> 
> folds <- sample(nrow(iris), size = nrow(iris) / 8, replace = FALSE)
> test_data <- iris[folds, ]
> train_data <- iris[-folds, ]
> 
> model <- glm(y ~ Sepal.Length + Sepal.Width, data = train_data, family = "binomial")
> result <- performance_roc(model, new_data = test_data)
> result
AUC: 37.66%
> plot(result)
> 
> 
> 
> cleanEx()

detaching â€˜package:performanceâ€™

> nameEx("plot.see_point_estimate")
> ### * plot.see_point_estimate
> 
> flush(stderr()); flush(stdout())
> 
> ### Name: plot.see_point_estimate
> ### Title: Plot method for point estimates of posterior samples
> ### Aliases: plot.see_point_estimate
> 
> ### ** Examples
> 
> ## Don't show: 
> if (identical(Sys.getenv("NOT_CRAN"), "true") && require("rstanarm")) (if (getRversion() >= "3.4") withAutoprint else force)({ # examplesIf
+ ## End(Don't show)
+ library(rstanarm)
+ library(bayestestR)
+ set.seed(123)
+ m <<- suppressWarnings(stan_glm(Sepal.Length ~ Petal.Width * Species, data = iris, refresh = 0))
+ result <- point_estimate(m, centrality = "median")
+ result
+ plot(result)
+ ## Don't show: 
+ }) # examplesIf
> ## End(Don't show)
> 
> 
> 
> cleanEx()
> nameEx("plot.see_rope")
> ### * plot.see_rope
> 
> flush(stderr()); flush(stdout())
> 
> ### Name: plot.see_rope
> ### Title: Plot method for Region of Practical Equivalence
> ### Aliases: plot.see_rope
> 
> ### ** Examples
> 
> ## Don't show: 
> if (identical(Sys.getenv("NOT_CRAN"), "true") && require("rstanarm")) (if (getRversion() >= "3.4") withAutoprint else force)({ # examplesIf
+ ## End(Don't show)
+ library(rstanarm)
+ library(bayestestR)
+ set.seed(123)
+ m <<- suppressWarnings(stan_glm(Sepal.Length ~ Petal.Width * Species, data = iris, refresh = 0))
+ result <- rope(m)
+ result
+ plot(result)
+ ## Don't show: 
+ }) # examplesIf
> ## End(Don't show)
> 
> 
> 
> cleanEx()
> nameEx("plot.see_si")
> ### * plot.see_si
> 
> flush(stderr()); flush(stdout())
> 
> ### Name: plot.see_si
> ### Title: Plot method for support intervals
> ### Aliases: plot.see_si
> 
> ### ** Examples
> 
> ## Don't show: 
> if (identical(Sys.getenv("NOT_CRAN"), "true") && require("rstanarm")) (if (getRversion() >= "3.4") withAutoprint else force)({ # examplesIf
+ ## End(Don't show)
+ library(rstanarm)
+ library(bayestestR)
+ set.seed(123)
+ m <<- suppressWarnings(stan_glm(Sepal.Length ~ Petal.Width * Species, data = iris, refresh = 0))
+ result <- si(m, verbose = FALSE)
+ result
+ plot(result)
+ ## Don't show: 
+ }) # examplesIf
> ## End(Don't show)
> 
> 
> 
> cleanEx()
> nameEx("plots")
> ### * plots
> 
> flush(stderr()); flush(stdout())
> 
> ### Name: plots
> ### Title: Multiple plots side by side
> ### Aliases: plots
> 
> ### ** Examples
> 
> ## Don't show: 
> if (require("patchwork", quietly = TRUE)) (if (getRversion() >= "3.4") withAutoprint else force)({ # examplesIf
+ ## End(Don't show)
+ library(ggplot2)
+ library(see)
+ 
+ p1 <- ggplot(mtcars, aes(x = disp, y = mpg)) +
+   geom_point()
+ p2 <- ggplot(mtcars, aes(x = mpg)) +
+   geom_density()
+ p3 <- ggplot(mtcars, aes(x = factor(cyl))) +
+   geom_bar() +
+   scale_x_discrete("cyl")
+ 
+ plots(p1, p2)
+ plots(p1, p2, n_columns = 2, tags = "A")
+ plots(
+   p1, p2, p3,
+   n_columns = 1, tags = c("Fig. 1", "Fig. 2", "Fig. 3"),
+   title = "The surprising truth about mtcars"
+ )
+ ## Don't show: 
+ }) # examplesIf
> library(ggplot2)
> library(see)
> p1 <- ggplot(mtcars, aes(x = disp, y = mpg)) + geom_point()
> p2 <- ggplot(mtcars, aes(x = mpg)) + geom_density()
> p3 <- ggplot(mtcars, aes(x = factor(cyl))) + geom_bar() + scale_x_discrete("cyl")
> plots(p1, p2)
> plots(p1, p2, n_columns = 2, tags = "A")
> plots(p1, p2, p3, n_columns = 1, tags = c("Fig. 1", "Fig. 2", "Fig. 3"), 
+     title = "The surprising truth about mtcars")
> ## End(Don't show)
> 
> 
> 
> cleanEx()

detaching â€˜package:ggplot2â€™, â€˜package:patchworkâ€™

> nameEx("print.see_performance_pp_check")
> ### * print.see_performance_pp_check
> 
> flush(stderr()); flush(stdout())
> 
> ### Name: print.see_performance_pp_check
> ### Title: Plot method for posterior predictive checks
> ### Aliases: print.see_performance_pp_check plot.see_performance_pp_check
> 
> ### ** Examples
> 
> ## Don't show: 
> if (require("performance")) (if (getRversion() >= "3.4") withAutoprint else force)({ # examplesIf
+ ## End(Don't show)
+ model <- lm(Sepal.Length ~ Species * Petal.Width + Petal.Length, data = iris)
+ check_predictions(model)
+ 
+ # dot-plot style for count-models
+ d <- iris
+ d$poisson_var <- rpois(150, 1)
+ model <- glm(
+   poisson_var ~ Species + Petal.Length + Petal.Width,
+   data = d,
+   family = poisson()
+ )
+ out <- check_predictions(model)
+ plot(out, type = "discrete_dots")
+ ## Don't show: 
+ }) # examplesIf
Loading required package: performance
> model <- lm(Sepal.Length ~ Species * Petal.Width + Petal.Length, data = iris)
> check_predictions(model)
> d <- iris
> d$poisson_var <- rpois(150, 1)
> model <- glm(poisson_var ~ Species + Petal.Length + Petal.Width, data = d, 
+     family = poisson())
> out <- check_predictions(model)
> plot(out, type = "discrete_dots")
> ## End(Don't show)
> 
> 
> 
> cleanEx()

detaching â€˜package:performanceâ€™

> nameEx("scale_color_bluebrown")
> ### * scale_color_bluebrown
> 
> flush(stderr()); flush(stdout())
> 
> ### Name: scale_color_bluebrown
> ### Title: Blue-brown color palette
> ### Aliases: scale_color_bluebrown scale_color_bluebrown_d
> ###   scale_color_bluebrown_c scale_colour_bluebrown
> ###   scale_colour_bluebrown_c scale_colour_bluebrown_d
> ###   scale_fill_bluebrown scale_fill_bluebrown_d scale_fill_bluebrown_c
> 
> ### ** Examples
> 
> library(ggplot2)
> library(see)
> 
> ggplot(iris, aes(x = Species, y = Sepal.Length, fill = Species)) +
+   geom_boxplot() +
+   theme_modern() +
+   scale_fill_bluebrown_d()
> 
> 
> 
> cleanEx()

detaching â€˜package:ggplot2â€™

> nameEx("scale_color_colorhex")
> ### * scale_color_colorhex
> 
> flush(stderr()); flush(stdout())
> 
> ### Name: scale_color_colorhex
> ### Title: Color palettes from color-hex
> ### Aliases: scale_color_colorhex scale_color_colorhex_d
> ###   scale_color_colorhex_c scale_colour_colorhex scale_colour_colorhex_c
> ###   scale_colour_colorhex_d scale_fill_colorhex scale_fill_colorhex_d
> ###   scale_fill_colorhex_c
> 
> ### ** Examples
> 
> library(ggplot2)
> library(see)
> 
> ggplot(iris, aes(x = Species, y = Sepal.Length, color = Species)) +
+   geom_boxplot() +
+   theme_modern() +
+   scale_color_colorhex_d(palette = 1014416)
> 
> ggplot(iris, aes(x = Species, y = Sepal.Length, fill = Species)) +
+   geom_violin() +
+   theme_modern() +
+   scale_fill_colorhex_d(palette = 1014416)
> 
> ggplot(iris, aes(x = Petal.Length, y = Petal.Width, color = Sepal.Length)) +
+   geom_point() +
+   theme_modern() +
+   scale_color_colorhex_c(palette = 1014416)
> 
> 
> 
> cleanEx()

detaching â€˜package:ggplot2â€™

> nameEx("scale_color_flat")
> ### * scale_color_flat
> 
> flush(stderr()); flush(stdout())
> 
> ### Name: scale_color_flat
> ### Title: Flat UI color palette
> ### Aliases: scale_color_flat scale_color_flat_d scale_color_flat_c
> ###   scale_colour_flat scale_colour_flat_c scale_colour_flat_d
> ###   scale_fill_flat scale_fill_flat_d scale_fill_flat_c
> 
> ### ** Examples
> 
> library(ggplot2)
> library(see)
> 
> ggplot(iris, aes(x = Species, y = Sepal.Length, fill = Species)) +
+   geom_boxplot() +
+   theme_modern() +
+   scale_fill_flat_d()
> 
> ggplot(iris, aes(x = Species, y = Sepal.Length, fill = Species)) +
+   geom_violin() +
+   theme_modern() +
+   scale_fill_flat_d(palette = "ice")
> 
> ggplot(iris, aes(x = Petal.Length, y = Petal.Width, color = Sepal.Length)) +
+   geom_point() +
+   theme_modern() +
+   scale_color_flat_c(palette = "rainbow")
> 
> 
> 
> cleanEx()

detaching â€˜package:ggplot2â€™

> nameEx("scale_color_material")
> ### * scale_color_material
> 
> flush(stderr()); flush(stdout())
> 
> ### Name: scale_color_material
> ### Title: Material design color palette
> ### Aliases: scale_color_material scale_color_material_d
> ###   scale_color_material_c scale_colour_material scale_colour_material_c
> ###   scale_colour_material_d scale_fill_material scale_fill_material_d
> ###   scale_fill_material_c
> 
> ### ** Examples
> 
> library(ggplot2)
> library(see)
> 
> ggplot(iris, aes(x = Species, y = Sepal.Length, fill = Species)) +
+   geom_boxplot() +
+   theme_modern() +
+   scale_fill_material_d()
> 
> ggplot(iris, aes(x = Species, y = Sepal.Length, fill = Species)) +
+   geom_violin() +
+   theme_modern() +
+   scale_fill_material_d(palette = "ice")
> 
> ggplot(iris, aes(x = Petal.Length, y = Petal.Width, color = Sepal.Length)) +
+   geom_point() +
+   theme_modern() +
+   scale_color_material_c(palette = "rainbow")
> 
> 
> 
> cleanEx()

detaching â€˜package:ggplot2â€™

> nameEx("scale_color_metro")
> ### * scale_color_metro
> 
> flush(stderr()); flush(stdout())
> 
> ### Name: scale_color_metro
> ### Title: Metro color palette
> ### Aliases: scale_color_metro scale_color_metro_d scale_color_metro_c
> ###   scale_colour_metro scale_colour_metro_c scale_colour_metro_d
> ###   scale_fill_metro scale_fill_metro_d scale_fill_metro_c
> 
> ### ** Examples
> 
> library(ggplot2)
> library(see)
> 
> ggplot(iris, aes(x = Species, y = Sepal.Length, fill = Species)) +
+   geom_boxplot() +
+   theme_modern() +
+   scale_fill_metro_d()
> 
> ggplot(iris, aes(x = Species, y = Sepal.Length, fill = Species)) +
+   geom_violin() +
+   theme_modern() +
+   scale_fill_metro_d(palette = "ice")
> 
> ggplot(iris, aes(x = Petal.Length, y = Petal.Width, color = Sepal.Length)) +
+   geom_point() +
+   theme_modern() +
+   scale_color_metro_c(palette = "rainbow")
> 
> 
> 
> cleanEx()

detaching â€˜package:ggplot2â€™

> nameEx("scale_color_okabeito")
> ### * scale_color_okabeito
> 
> flush(stderr()); flush(stdout())
> 
> ### Name: scale_color_okabeito
> ### Title: Okabe-Ito color palette
> ### Aliases: scale_color_okabeito scale_fill_okabeito scale_colour_okabeito
> ###   scale_colour_oi scale_color_oi scale_fill_oi
> 
> ### ** Examples
> 
> library(ggplot2)
> library(see)
> 
> ggplot(iris, aes(x = Species, y = Sepal.Length, fill = Species)) +
+   geom_boxplot() +
+   theme_modern() +
+   scale_fill_okabeito()
> 
> ggplot(iris, aes(x = Species, y = Sepal.Length, fill = Species)) +
+   geom_violin() +
+   theme_modern() +
+   scale_fill_oi(palette = "black_first")
> 
> # for the original brighter yellow color suggested by Okabe and Ito
> ggplot(iris, aes(x = Species, y = Sepal.Length, fill = Species)) +
+   geom_violin() +
+   theme_modern() +
+   scale_fill_oi(palette = "full")
> 
> ggplot(iris, aes(x = Species, y = Sepal.Length, fill = Species)) +
+   geom_violin() +
+   theme_modern() +
+   scale_fill_oi(order = c(1, 5, 6, 2, 4, 3, 7))
> 
> 
> 
> cleanEx()

detaching â€˜package:ggplot2â€™

> nameEx("scale_color_pizza")
> ### * scale_color_pizza
> 
> flush(stderr()); flush(stdout())
> 
> ### Name: scale_color_pizza
> ### Title: Pizza color palette
> ### Aliases: scale_color_pizza scale_color_pizza_d scale_color_pizza_c
> ###   scale_colour_pizza scale_colour_pizza_c scale_colour_pizza_d
> ###   scale_fill_pizza scale_fill_pizza_d scale_fill_pizza_c
> 
> ### ** Examples
> 
> library(ggplot2)
> library(see)
> 
> ggplot(iris, aes(x = Species, y = Sepal.Length, fill = Species)) +
+   geom_boxplot() +
+   theme_modern() +
+   scale_fill_pizza_d()
> 
> ggplot(iris, aes(x = Petal.Length, y = Petal.Width, color = Sepal.Length)) +
+   geom_point() +
+   theme_modern() +
+   scale_color_pizza_c()
> 
> 
> 
> cleanEx()

detaching â€˜package:ggplot2â€™

> nameEx("scale_color_see")
> ### * scale_color_see
> 
> flush(stderr()); flush(stdout())
> 
> ### Name: scale_color_see
> ### Title: See color palette
> ### Aliases: scale_color_see scale_color_see_d scale_color_see_c
> ###   scale_colour_see scale_colour_see_c scale_colour_see_d scale_fill_see
> ###   scale_fill_see_d scale_fill_see_c
> 
> ### ** Examples
> 
> library(ggplot2)
> library(see)
> 
> ggplot(iris, aes(x = Species, y = Sepal.Length, fill = Species)) +
+   geom_boxplot() +
+   theme_modern() +
+   scale_fill_see_d()
> 
> ggplot(iris, aes(x = Sepal.Length, y = Sepal.Width, colour = Species)) +
+   geom_point() +
+   theme_abyss() +
+   scale_colour_see(palette = "light")
> 
> ggplot(iris, aes(x = Petal.Length, y = Petal.Width, color = Sepal.Length)) +
+   geom_point() +
+   theme_modern() +
+   scale_color_see_c(palette = "rainbow")
> 
> 
> 
> cleanEx()

detaching â€˜package:ggplot2â€™

> nameEx("scale_color_social")
> ### * scale_color_social
> 
> flush(stderr()); flush(stdout())
> 
> ### Name: scale_color_social
> ### Title: Social color palette
> ### Aliases: scale_color_social scale_color_social_d scale_color_social_c
> ###   scale_colour_social scale_colour_social_c scale_colour_social_d
> ###   scale_fill_social scale_fill_social_d scale_fill_social_c
> 
> ### ** Examples
> 
> library(ggplot2)
> library(see)
> 
> ggplot(iris, aes(x = Species, y = Sepal.Length, fill = Species)) +
+   geom_boxplot() +
+   theme_modern() +
+   scale_fill_social_d()
> 
> ggplot(iris, aes(x = Species, y = Sepal.Length, fill = Species)) +
+   geom_violin() +
+   theme_modern() +
+   scale_fill_social_d(palette = "ice")
> 
> ggplot(iris, aes(x = Petal.Length, y = Petal.Width, color = Sepal.Length)) +
+   geom_point() +
+   theme_modern() +
+   scale_color_social_c(palette = "rainbow")
> 
> 
> 
> cleanEx()

detaching â€˜package:ggplot2â€™

> nameEx("see_colors")
> ### * see_colors
> 
> flush(stderr()); flush(stdout())
> 
> ### Name: see_colors
> ### Title: Extract See colors as hex codes
> ### Aliases: see_colors
> 
> ### ** Examples
> 
> see_colors()
        red        pink      purple deep purple      indigo        blue 
  "#d32626"   "#b5076b"   "#5c2a9d"   "#45046a"   "#303960"   "#1b6ca8" 
 light blue        cyan       green light green        lime      yellow 
  "#03A9F4"   "#0a97b0"   "#438a5e"   "#bac964"   "#f7fbe1"   "#fbd46d" 
      amber      orange        grey   blue grey 
  "#ff9c71"   "#fb7813"   "#e7dfd5"   "#3b6978" 
> 
> see_colors("indigo", "lime")
   indigo      lime 
"#303960" "#f7fbe1" 
> 
> 
> 
> cleanEx()
> nameEx("social_colors")
> ### * social_colors
> 
> flush(stderr()); flush(stdout())
> 
> ### Name: social_colors
> ### Title: Extract Social colors as hex codes
> ### Aliases: social_colors
> 
> ### ** Examples
> 
> social_colors()
        red    dark red      purple deep purple        blue  light blue 
  "#cd201f"   "#b92b27"   "#ea4c89"   "#410093"   "#0077B5"   "#55acee" 
       cyan        teal       green light green      yellow       amber 
  "#1ab7ea"   "#00b489"   "#3aaf85"   "#25D366"   "#FFFC00"   "#f57d00" 
     orange deep orange        grey   blue grey 
  "#ff6600"   "#ff3300"   "#34465d"   "#21759b" 
> 
> social_colors("dark red", "teal")
 dark red      teal 
"#b92b27" "#00b489" 
> 
> 
> 
> cleanEx()
> nameEx("theme_abyss")
> ### * theme_abyss
> 
> flush(stderr()); flush(stdout())
> 
> ### Name: theme_abyss
> ### Title: Abyss theme
> ### Aliases: theme_abyss
> 
> ### ** Examples
> 
> library(ggplot2)
> library(see)
> 
> ggplot(iris, aes(x = Sepal.Width, y = Sepal.Length)) +
+   geom_point(color = "white") +
+   theme_abyss()
> 
> 
> 
> cleanEx()

detaching â€˜package:ggplot2â€™

> nameEx("theme_blackboard")
> ### * theme_blackboard
> 
> flush(stderr()); flush(stdout())
> 
> ### Name: theme_blackboard
> ### Title: Blackboard dark theme
> ### Aliases: theme_blackboard
> 
> ### ** Examples
> 
> library(ggplot2)
> library(see)
> 
> ggplot(iris, aes(x = Sepal.Width, y = Sepal.Length)) +
+   geom_point(color = "white") +
+   theme_blackboard()
> 
> 
> 
> cleanEx()

detaching â€˜package:ggplot2â€™

> nameEx("theme_lucid")
> ### * theme_lucid
> 
> flush(stderr()); flush(stdout())
> 
> ### Name: theme_lucid
> ### Title: Lucid theme
> ### Aliases: theme_lucid
> 
> ### ** Examples
> 
> library(ggplot2)
> library(see)
> 
> ggplot(iris, aes(x = Sepal.Width, y = Sepal.Length)) +
+   geom_point(color = "white") +
+   theme_lucid()
> 
> 
> 
> cleanEx()

detaching â€˜package:ggplot2â€™

> nameEx("theme_modern")
> ### * theme_modern
> 
> flush(stderr()); flush(stdout())
> 
> ### Name: theme_modern
> ### Title: The easystats' minimal theme
> ### Aliases: theme_modern
> 
> ### ** Examples
> 
> library(ggplot2)
> library(see)
> 
> ggplot(iris, aes(x = Sepal.Width, y = Sepal.Length, color = Species)) +
+   geom_point() +
+   theme_modern()
> 
> 
> 
> cleanEx()

detaching â€˜package:ggplot2â€™

> nameEx("theme_radar")
> ### * theme_radar
> 
> flush(stderr()); flush(stdout())
> 
> ### Name: theme_radar
> ### Title: Themes for radar plots
> ### Aliases: theme_radar theme_radar_dark
> 
> ### ** Examples
> 
> ## Don't show: 
> if (require("ggplot2", quietly = TRUE)) (if (getRversion() >= "3.4") withAutoprint else force)({ # examplesIf
+ ## End(Don't show)
+ data <- datawizard::reshape_longer(
+   aggregate(iris[-5], list(Species = iris$Species), mean),
+   c("Sepal.Length", "Sepal.Width", "Petal.Length", "Petal.Width")
+ )
+ 
+ ggplot(
+   data,
+   aes(
+     x = name,
+     y = value,
+     color = Species,
+     group = Species,
+     fill = Species
+   )
+ ) +
+   geom_polygon(linewidth = 1, alpha = 0.1) +
+   coord_radar() +
+   theme_radar()
+ ## Don't show: 
+ }) # examplesIf
> data <- datawizard::reshape_longer(aggregate(iris[-5], list(Species = iris$Species), 
+     mean), c("Sepal.Length", "Sepal.Width", "Petal.Length", "Petal.Width"))
> ggplot(data, aes(x = name, y = value, color = Species, group = Species, 
+     fill = Species)) + geom_polygon(linewidth = 1, alpha = 0.1) + coord_radar() + 
+     theme_radar()
> ## End(Don't show)
> 
> 
> 
> ### * <FOOTER>
> ###
> cleanEx()

detaching â€˜package:ggplot2â€™

> options(digits = 7L)
> base::cat("Time elapsed: ", proc.time() - base::get("ptime", pos = 'CheckExEnv'),"\n")
Time elapsed:  16.318 0.384 17.173 0 0 
> grDevices::dev.off()
null device 
          1 
> ###
> ### Local variables: ***
> ### mode: outline-minor ***
> ### outline-regexp: "\\(> \\)?### [*]+" ***
> ### End: ***
> quit('no')
